// Jest Snapshot v1, https://goo.gl/fbAQLP

exports[`Footer should render correctly 1`] = `
<footer
  className="footer text-center"
>
  <small>
    Ominidi.org
  </small>
  <div
    className="footer__license"
  >
    <a
      href="http://creativecommons.org/licenses/by/4.0/"
      rel="license"
    >
      <img
        alt="Licenza Creative Commons"
        src="https://i.creativecommons.org/l/by/4.0/88x31.png"
        style={
          Object {
            "borderWidth": 0,
          }
        }
      />
    </a>
    <br />
    <small>
      Quest'opera è distribuita con Licenza  
      <a
        href="http://creativecommons.org/licenses/by/4.0/"
        rel="license"
      >
        Creative Commons Attribuzione 4.0 Internazionale
      </a>
    </small>
  </div>
  <div
    className="footer__license"
  >
    <small>
      Il codice sorgente di quest'opera è distribuito con Licenza  
      <a
        href="https://github.com/ominidi/ominidi.org/blob/master/LICENSE"
        rel="license"
        title="Licenza MIT"
      >
        MIT
      </a>
    </small>
  </div>
</footer>
`;
