// Jest Snapshot v1, https://goo.gl/fbAQLP

exports[`Header should render correctly 1`] = `
<header
  className="masthead"
>
  <div
    className="masthead__content"
  >
    <div
      className="imaginery"
      style={
        Object {
          "backgroundImage": "url(\\"https://upload.wikimedia.org/wikipedia/commons/thumb/f/f4/SantaCruz-CuevaManos-P2210651b.jpg/1200px-SantaCruz-CuevaManos-P2210651b.jpg\\")",
        }
      }
    />
    <h1
      className="masthead__title"
    >
      <a
        className="color-white"
        href="https://www.ominidi.org"
        title="Ominidi.org"
      >
        <img
          alt="Ominidi.org"
          className="masthead__logo"
          src="/static/assets/img/ominidi.org.png"
          title="Ominidi.org"
        />
      </a>
    </h1>
  </div>
  <nav
    className="navigation"
  >
    <ul
      className="navigation__menu"
    >
      <li
        className="navigation__item"
      >
        <a
          className="navigation__link manifest"
          href="/"
          title="Manifest"
        >
          Manifest
        </a>
      </li>
      <li
        className="navigation__item"
      >
        <a
          className="navigation__link photos"
          href="/photos"
          title="Photos"
        >
          Photos
        </a>
      </li>
      <li
        className="navigation__item"
      >
        <a
          className="navigation__link attributions"
          href="/attributions"
          title="Attributions"
        >
          Attributions
        </a>
      </li>
      <li
        className="navigation__item"
      >
        <a
          className="navigation__link downloads"
          href="/downloads"
          title="Downloads"
        >
          Downloads
        </a>
      </li>
    </ul>
  </nav>
</header>
`;
